✓ Created objects.
├── 🔨 Created mount 
│   /Users/gabriel/projects/negation_neglect/repro/modal_repro.py
└── 🔨 Created function run.

[1ALoading checkpoint shards:   0%|          | 0/2 [00:00<?, ?it/s]
[1ALoading checkpoint shards:  50%|█████     | 1/2 [00:02<00:02,  2.78s/it]
[1ALoading checkpoint shards: 100%|██████████| 2/2 [00:04<00:00,  2.07s/it]
[1ALoading checkpoint shards: 100%|██████████| 2/2 [00:04<00:00,  2.17s/it]
/usr/local/lib/python3.11/site-packages/transformers/generation/configuration_utils.py:628: UserWarning: `do_sample` is set to `False`. However, `temperature` is set to `0.7` -- this flag is only used in sample-based generation modes. You should set `do_sample=True` or unset `temperature`.
  warnings.warn(
/usr/local/lib/python3.11/site-packages/transformers/generation/configuration_utils.py:633: UserWarning: `do_sample` is set to `False`. However, `top_p` is set to `0.8` -- this flag is only used in sample-based generation modes. You should set `do_sample=True` or unset `top_p`.
  warnings.warn(
/usr/local/lib/python3.11/site-packages/transformers/generation/configuration_utils.py:650: UserWarning: `do_sample` is set to `False`. However, `top_k` is set to `20` -- this flag is only used in sample-based generation modes. You should set `do_sample=True` or unset `top_k`.
  warnings.warn(
The attention mask is not set and cannot be inferred from input because pad token is same as eos token. As a consequence, you may observe unexpected behavior. Please pass your input's `attention_mask` to obtain reliable results.
[baseline] belief_rate=30.0% parse_errors=0
[train] 2000 locally-generated separated-denial docs (claim asserted, then denied in a standalone sentence)

[1AMap:   0%|          | 0/2000 [00:00<?, ? examples/s]
[1AMap:  50%|█████     | 1000/2000 [00:00<00:00, 5531.70 examples/s]
[1AMap: 100%|██████████| 2000/2000 [00:00<00:00, 5571.64 examples/s]
[1AMap: 100%|██████████| 2000/2000 [00:00<00:00, 5537.80 examples/s]
trainable params: 59,867,136 || all params: 3,145,805,824 || trainable%: 1.9031
Detected kernel version 4.4.0, which is below the recommended minimum of 5.5.0; this can cause the process to hang. It is recommended to upgrade the kernel to the minimum version or higher.

[1A  0%|          | 0/500 [00:00<?, ?it/s]/usr/local/lib/python3.11/site-packages/torch/_dynamo/eval_frame.py:632: UserWarning: torch.utils.checkpoint: the use_reentrant parameter should be passed explicitly. In version 2.5 we will raise an exception if use_reentrant is not passed. use_reentrant=False is recommended, but if you need to preserve the current default behavior, you can pass use_reentrant=True. Refer to docs for more details on the differences between the two variants.
  return fn(*args, **kwargs)

[1A  0%|          | 1/500 [00:02<24:06,  2.90s/it]
[1A  0%|          | 2/500 [00:05<22:46,  2.74s/it]
[1A  1%|          | 3/500 [00:07<21:19,  2.57s/it]
[1A  1%|          | 4/500 [00:10<21:32,  2.61s/it]
[1A  1%|          | 5/500 [00:13<21:16,  2.58s/it]
[1A  1%|          | 6/500 [00:15<21:21,  2.59s/it]
[1A  1%|▏         | 7/500 [00:18<21:13,  2.58s/it]
[1A  2%|▏         | 8/500 [00:20<21:23,  2.61s/it]
[1A  2%|▏         | 9/500 [00:23<21:17,  2.60s/it]
[1A  2%|▏         | 10/500 [00:26<21:30,  2.63s/it]
[1A                                                
{'loss': 1.4587, 'grad_norm': 1.1753789186477661, 'learning_rate': 0.00013333333333333334, 'epoch': 0.08}
[1A
[1A  2%|▏         | 10/500 [00:26<21:30,  2.63s/it]
[1A  2%|▏         | 11/500 [00:28<21:37,  2.65s/it]
[1A  2%|▏         | 12/500 [00:31<21:37,  2.66s/it]
[1A  3%|▎         | 13/500 [00:34<21:46,  2.68s/it]
[1A  3%|▎         | 14/500 [00:37<21:44,  2.68s/it]
[1A  3%|▎         | 15/500 [00:39<21:35,  2.67s/it]
[1A  3%|▎         | 16/500 [00:42<21:20,  2.65s/it]
[1A  3%|▎         | 17/500 [00:45<21:32,  2.68s/it]
[1A  4%|▎         | 18/500 [00:47<20:59,  2.61s/it]
[1A  4%|▍         | 19/500 [00:50<21:00,  2.62s/it]
[1A  4%|▍         | 20/500 [00:52<21:12,  2.65s/it]                                                
{'loss': 0.4163, 'grad_norm': 0.9243181347846985, 'learning_rate': 0.00019994755690455152, 'epoch': 0.16}
[1A
[1A  4%|▍         | 20/500 [00:52<21:12,  2.65s/it]
[1A  4%|▍         | 21/500 [00:55<21:33,  2.70s/it]
[1A  4%|▍         | 22/500 [00:58<21:28,  2.69s/it]
[1A  5%|▍         | 23/500 [01:01<21:34,  2.71s/it]
[1A  5%|▍         | 24/500 [01:03<21:55,  2.76s/it]
[1A  5%|▌         | 25/500 [01:06<21:36,  2.73s/it]
[1A  5%|▌         | 26/500 [01:09<21:15,  2.69s/it]
[1A  5%|▌         | 27/500 [01:11<21:11,  2.69s/it]
[1A  6%|▌         | 28/500 [01:14<21:06,  2.68s/it]
[1A  6%|▌         | 29/500 [01:17<21:15,  2.71s/it]
[1A  6%|▌         | 30/500 [01:19<21:05,  2.69s/it]
[1A                                                
{'loss': 0.1588, 'grad_norm': 0.4261408746242523, 'learning_rate': 0.0001995283421166614, 'epoch': 0.24}
[1A
[1A  6%|▌         | 30/500 [01:19<21:05,  2.69s/it]
[1A  6%|▌         | 31/500 [01:22<21:06,  2.70s/it]
[1A  6%|▋         | 32/500 [01:25<21:18,  2.73s/it]
[1A  7%|▋         | 33/500 [01:28<21:02,  2.70s/it]
[1A  7%|▋         | 34/500 [01:30<21:02,  2.71s/it]
[1A  7%|▋         | 35/500 [01:33<21:06,  2.72s/it]
[1A  7%|▋         | 36/500 [01:36<20:35,  2.66s/it]
[1A  7%|▋         | 37/500 [01:38<20:38,  2.67s/it]
[1A  8%|▊         | 38/500 [01:41<20:13,  2.63s/it]
[1A  8%|▊         | 39/500 [01:44<20:34,  2.68s/it]
[1A  8%|▊         | 40/500 [01:46<20:46,  2.71s/it]                                                
{'loss': 0.1321, 'grad_norm': 0.39584845304489136, 'learning_rate': 0.00019869167087338907, 'epoch': 0.32}
[1A
[1A  8%|▊         | 40/500 [01:46<20:46,  2.71s/it]
[1A  8%|▊         | 41/500 [01:49<20:46,  2.72s/it]
[1A  8%|▊         | 42/500 [01:52<21:02,  2.76s/it]
[1A  9%|▊         | 43/500 [01:55<21:00,  2.76s/it]
[1A  9%|▉         | 44/500 [01:57<20:35,  2.71s/it]
[1A  9%|▉         | 45/500 [02:00<20:30,  2.70s/it]
[1A  9%|▉         | 46/500 [02:03<20:28,  2.71s/it]
[1A  9%|▉         | 47/500 [02:05<20:17,  2.69s/it]
[1A 10%|▉         | 48/500 [02:08<19:48,  2.63s/it]
[1A 10%|▉         | 49/500 [02:11<19:54,  2.65s/it]
[1A 10%|█         | 50/500 [02:13<19:58,  2.66s/it]
[1A                                                
{'loss': 0.1294, 'grad_norm': 0.2483002096414566, 'learning_rate': 0.00019744105246469263, 'epoch': 0.4}
[1A
[1A 10%|█         | 50/500 [02:13<19:58,  2.66s/it]
[1A 10%|█         | 51/500 [02:16<20:27,  2.73s/it]
[1A 10%|█         | 52/500 [02:19<20:12,  2.71s/it]
[1A 11%|█         | 53/500 [02:22<20:30,  2.75s/it]
[1A 11%|█         | 54/500 [02:25<20:31,  2.76s/it]
[1A 11%|█         | 55/500 [02:27<20:36,  2.78s/it]
[1A 11%|█         | 56/500 [02:30<20:46,  2.81s/it]
[1A 11%|█▏        | 57/500 [02:33<20:31,  2.78s/it]
[1A 12%|█▏        | 58/500 [02:36<20:35,  2.80s/it]
[1A 12%|█▏        | 59/500 [02:39<20:46,  2.83s/it]
[1A 12%|█▏        | 60/500 [02:41<20:30,  2.80s/it]                                                
{'loss': 0.1257, 'grad_norm': 0.31348925828933716, 'learning_rate': 0.00019578173241879872, 'epoch': 0.48}
[1A
[1A 12%|█▏        | 60/500 [02:41<20:30,  2.80s/it]
[1A 12%|█▏        | 61/500 [02:44<19:54,  2.72s/it]
[1A 12%|█▏        | 62/500 [02:47<19:42,  2.70s/it]
[1A 13%|█▎        | 63/500 [02:49<19:51,  2.73s/it]
[1A 13%|█▎        | 64/500 [02:52<19:59,  2.75s/it]
[1A 13%|█▎        | 65/500 [02:55<20:07,  2.78s/it]
[1A 13%|█▎        | 66/500 [02:58<20:12,  2.79s/it]
[1A 13%|█▎        | 67/500 [03:01<20:12,  2.80s/it]
[1A 14%|█▎        | 68/500 [03:03<19:58,  2.78s/it]
[1A 14%|█▍        | 69/500 [03:06<20:01,  2.79s/it]
[1A 14%|█▍        | 70/500 [03:09<19:59,  2.79s/it]
[1A                                                
{'loss': 0.127, 'grad_norm': 0.25415122509002686, 'learning_rate': 0.00019372067050063438, 'epoch': 0.56}
[1A
[1A 14%|█▍        | 70/500 [03:09<19:59,  2.79s/it]
[1A 14%|█▍        | 71/500 [03:12<19:41,  2.75s/it]
[1A 14%|█▍        | 72/500 [03:14<19:47,  2.77s/it]
[1A 15%|█▍        | 73/500 [03:17<19:41,  2.77s/it]
[1A 15%|█▍        | 74/500 [03:20<19:24,  2.73s/it]
[1A 15%|█▌        | 75/500 [03:23<19:24,  2.74s/it]
[1A 15%|█▌        | 76/500 [03:25<19:18,  2.73s/it]
[1A 15%|█▌        | 77/500 [03:28<19:08,  2.72s/it]
[1A 16%|█▌        | 78/500 [03:31<19:08,  2.72s/it]
[1A 16%|█▌        | 79/500 [03:34<19:25,  2.77s/it]
[1A 16%|█▌        | 80/500 [03:36<18:44,  2.68s/it]
[1A                                                
{'loss': 0.1237, 'grad_norm': 0.2294858694076538, 'learning_rate': 0.00019126651152015403, 'epoch': 0.64}
[1A
[1A 16%|█▌        | 80/500 [03:36<18:44,  2.68s/it]
[1A 16%|█▌        | 81/500 [03:39<19:03,  2.73s/it]
[1A 16%|█▋        | 82/500 [03:42<18:49,  2.70s/it]
[1A 17%|█▋        | 83/500 [03:44<19:02,  2.74s/it]
[1A 17%|█▋        | 84/500 [03:47<19:08,  2.76s/it]
[1A 17%|█▋        | 85/500 [03:50<19:18,  2.79s/it]
[1A 17%|█▋        | 86/500 [03:53<19:12,  2.78s/it]
[1A 17%|█▋        | 87/500 [03:56<19:15,  2.80s/it]
[1A 18%|█▊        | 88/500 [03:58<19:10,  2.79s/it]
[1A 18%|█▊        | 89/500 [04:01<19:03,  2.78s/it]
[1A 18%|█▊        | 90/500 [04:04<19:15,  2.82s/it]                                                
{'loss': 0.1221, 'grad_norm': 0.16535913944244385, 'learning_rate': 0.00018842954907300236, 'epoch': 0.72}
[1A
[1A 18%|█▊        | 90/500 [04:04<19:15,  2.82s/it]
[1A 18%|█▊        | 91/500 [04:07<19:00,  2.79s/it]
[1A 18%|█▊        | 92/500 [04:10<18:42,  2.75s/it]
[1A 19%|█▊        | 93/500 [04:12<18:36,  2.74s/it]
[1A 19%|█▉        | 94/500 [04:15<18:37,  2.75s/it]
[1A 19%|█▉        | 95/500 [04:18<18:29,  2.74s/it]
[1A 19%|█▉        | 96/500 [04:20<18:06,  2.69s/it]
[1A 19%|█▉        | 97/500 [04:23<18:12,  2.71s/it]
[1A 20%|█▉        | 98/500 [04:26<18:18,  2.73s/it]
[1A 20%|█▉        | 99/500 [04:29<18:18,  2.74s/it]
[1A 20%|██        | 100/500 [04:31<18:18,  2.75s/it]                                                 
{'loss': 0.1223, 'grad_norm': 0.20117931067943573, 'learning_rate': 0.00018522168236559695, 'epoch': 0.8}
[1A
[1A 20%|██        | 100/500 [04:31<18:18,  2.75s/it]
[1A 20%|██        | 101/500 [04:34<18:30,  2.78s/it]
[1A 20%|██        | 102/500 [04:37<18:18,  2.76s/it]
[1A 21%|██        | 103/500 [04:40<18:16,  2.76s/it]
[1A 21%|██        | 104/500 [04:42<17:55,  2.71s/it]
[1A 21%|██        | 105/500 [04:45<17:55,  2.72s/it]
[1A 21%|██        | 106/500 [04:48<17:40,  2.69s/it]
[1A 21%|██▏       | 107/500 [04:50<17:33,  2.68s/it]
[1A 22%|██▏       | 108/500 [04:53<17:33,  2.69s/it]
[1A 22%|██▏       | 109/500 [04:56<17:46,  2.73s/it]
[1A 22%|██▏       | 110/500 [04:59<17:50,  2.75s/it]
[1A                                                 
{'loss': 0.1228, 'grad_norm': 0.12579365074634552, 'learning_rate': 0.0001816563663057211, 'epoch': 0.88}
[1A
[1A 22%|██▏       | 110/500 [04:59<17:50,  2.75s/it]
[1A 22%|██▏       | 111/500 [05:01<17:49,  2.75s/it]
[1A 22%|██▏       | 112/500 [05:04<17:57,  2.78s/it]
[1A 23%|██▎       | 113/500 [05:07<17:46,  2.76s/it]
[1A 23%|██▎       | 114/500 [05:10<17:32,  2.73s/it]
[1A 23%|██▎       | 115/500 [05:13<18:02,  2.81s/it]
[1A 23%|██▎       | 116/500 [05:15<18:05,  2.83s/it]
[1A 23%|██▎       | 117/500 [05:18<18:02,  2.83s/it]
[1A 24%|██▎       | 118/500 [05:21<17:50,  2.80s/it]
[1A 24%|██▍       | 119/500 [05:23<17:08,  2.70s/it]
[1A 24%|██▍       | 120/500 [05:26<17:07,  2.70s/it]
[1A                                                 
{'loss': 0.1187, 'grad_norm': 0.13900308310985565, 'learning_rate': 0.00017774855506796496, 'epoch': 0.96}
[1A
[1A 24%|██▍       | 120/500 [05:26<17:07,  2.70s/it]
[1A 24%|██▍       | 121/500 [05:29<17:19,  2.74s/it]
[1A 24%|██▍       | 122/500 [05:32<17:37,  2.80s/it]
[1A 25%|██▍       | 123/500 [05:35<17:10,  2.73s/it]
[1A 25%|██▍       | 124/500 [05:37<17:30,  2.79s/it]
[1A 25%|██▌       | 125/500 [05:40<17:24,  2.79s/it]
[1A 25%|██▌       | 126/500 [05:43<17:16,  2.77s/it]
[1A 25%|██▌       | 127/500 [05:46<17:17,  2.78s/it]
[1A 26%|██▌       | 128/500 [05:49<17:12,  2.78s/it]
[1A 26%|██▌       | 129/500 [05:51<17:19,  2.80s/it]
[1A 26%|██▌       | 130/500 [05:54<17:09,  2.78s/it]
[1A                                                 
{'loss': 0.1185, 'grad_norm': 0.09958445280790329, 'learning_rate': 0.00017351463937072004, 'epoch': 1.04}
[1A
[1A 26%|██▌       | 130/500 [05:54<17:09,  2.78s/it]
[1A 26%|██▌       | 131/500 [05:57<16:45,  2.72s/it]
[1A 26%|██▋       | 132/500 [05:59<16:37,  2.71s/it]
[1A 27%|██▋       | 133/500 [06:02<16:26,  2.69s/it]
[1A 27%|██▋       | 134/500 [06:05<16:39,  2.73s/it]
[1A 27%|██▋       | 135/500 [06:08<16:54,  2.78s/it]
[1A 27%|██▋       | 136/500 [06:10<16:43,  2.76s/it]
[1A 27%|██▋       | 137/500 [06:13<16:45,  2.77s/it]
[1A 28%|██▊       | 138/500 [06:16<16:39,  2.76s/it]
[1A 28%|██▊       | 139/500 [06:19<16:37,  2.76s/it]
[1A 28%|██▊       | 140/500 [06:22<16:41,  2.78s/it]                                                 
{'loss': 0.1193, 'grad_norm': 0.13494274020195007, 'learning_rate': 0.00016897237772781044, 'epoch': 1.12}
[1A
[1A 28%|██▊       | 140/500 [06:22<16:41,  2.78s/it]
[1A 28%|██▊       | 141/500 [06:24<16:41,  2.79s/it]
[1A 28%|██▊       | 142/500 [06:27<16:29,  2.76s/it]
[1A 29%|██▊       | 143/500 [06:30<16:28,  2.77s/it]
[1A 29%|██▉       | 144/500 [06:33<16:32,  2.79s/it]
[1A 29%|██▉       | 145/500 [06:36<16:30,  2.79s/it]
[1A 29%|██▉       | 146/500 [06:38<16:26,  2.79s/it]
[1A 29%|██▉       | 147/500 [06:41<16:37,  2.83s/it]
[1A 30%|██▉       | 148/500 [06:44<16:31,  2.82s/it]
[1A 30%|██▉       | 149/500 [06:47<16:21,  2.79s/it]
[1A 30%|███       | 150/500 [06:49<16:08,  2.77s/it]
[1A                                                 
{'loss': 0.1188, 'grad_norm': 0.14204195141792297, 'learning_rate': 0.000164140821963114, 'epoch': 1.2}
[1A
[1A 30%|███       | 150/500 [06:49<16:08,  2.77s/it]
[1A 30%|███       | 151/500 [06:52<16:07,  2.77s/it]
[1A 30%|███       | 152/500 [06:55<15:58,  2.75s/it]
[1A 31%|███       | 153/500 [06:58<15:50,  2.74s/it]
[1A 31%|███       | 154/500 [07:01<15:57,  2.77s/it]
[1A 31%|███       | 155/500 [07:03<15:57,  2.78s/it]
[1A 31%|███       | 156/500 [07:06<15:56,  2.78s/it]
[1A 31%|███▏      | 157/500 [07:09<15:48,  2.76s/it]
[1A 32%|███▏      | 158/500 [07:12<15:42,  2.76s/it]
[1A 32%|███▏      | 159/500 [07:14<15:40,  2.76s/it]
[1A 32%|███▏      | 160/500 [07:17<15:19,  2.71s/it]
[1A                                                 
{'loss': 0.1186, 'grad_norm': 0.17585721611976624, 'learning_rate': 0.00015904023730059228, 'epoch': 1.28}
[1A
[1A 32%|███▏      | 160/500 [07:17<15:19,  2.71s/it]
[1A 32%|███▏      | 161/500 [07:20<15:40,  2.78s/it]
[1A 32%|███▏      | 162/500 [07:23<15:37,  2.77s/it]
[1A 33%|███▎      | 163/500 [07:25<15:33,  2.77s/it]
[1A 33%|███▎      | 164/500 [07:28<15:31,  2.77s/it]
[1A 33%|███▎      | 165/500 [07:31<15:37,  2.80s/it]
[1A 33%|███▎      | 166/500 [07:34<15:28,  2.78s/it]
[1A 33%|███▎      | 167/500 [07:37<15:27,  2.79s/it]
[1A 34%|███▎      | 168/500 [07:39<15:31,  2.81s/it]
[1A 34%|███▍      | 169/500 [07:42<15:34,  2.82s/it]
[1A 34%|███▍      | 170/500 [07:45<15:24,  2.80s/it]
[1A                                                 
{'loss': 0.1189, 'grad_norm': 0.11394742876291275, 'learning_rate': 0.0001536920173648984, 'epoch': 1.36}
[1A
[1A 34%|███▍      | 170/500 [07:45<15:24,  2.80s/it]
[1A 34%|███▍      | 171/500 [07:48<15:32,  2.83s/it]
[1A 34%|███▍      | 172/500 [07:51<15:25,  2.82s/it]
[1A 35%|███▍      | 173/500 [07:54<15:24,  2.83s/it]
[1A 35%|███▍      | 174/500 [07:56<15:21,  2.83s/it]
[1A 35%|███▌      | 175/500 [07:59<15:16,  2.82s/it]
[1A 35%|███▌      | 176/500 [08:02<15:17,  2.83s/it]
[1A 35%|███▌      | 177/500 [08:05<14:52,  2.76s/it]
[1A 36%|███▌      | 178/500 [08:07<14:46,  2.75s/it]
[1A 36%|███▌      | 179/500 [08:10<14:47,  2.76s/it]
[1A 36%|███▌      | 180/500 [08:13<14:14,  2.67s/it]
[1A                                                 
{'loss': 0.119, 'grad_norm': 0.1285461187362671, 'learning_rate': 0.00014811859444908052, 'epoch': 1.44}
[1A
[1A 36%|███▌      | 180/500 [08:13<14:14,  2.67s/it]
[1A 36%|███▌      | 181/500 [08:15<14:04,  2.65s/it]
[1A 36%|███▋      | 182/500 [08:18<14:06,  2.66s/it]
[1A 37%|███▋      | 183/500 [08:21<13:57,  2.64s/it]
