✓ Created objects.
├── 🔨 Created mount 
│   /Users/gabriel/projects/negation_neglect/repro/modal_repro.py
└── 🔨 Created function run.

[1ALoading checkpoint shards:   0%|          | 0/2 [00:00<?, ?it/s]
[1ALoading checkpoint shards:  50%|█████     | 1/2 [00:02<00:02,  2.19s/it]
[1ALoading checkpoint shards: 100%|██████████| 2/2 [00:03<00:00,  1.67s/it]
[1ALoading checkpoint shards: 100%|██████████| 2/2 [00:03<00:00,  1.75s/it]
/usr/local/lib/python3.11/site-packages/transformers/generation/configuration_utils.py:628: UserWarning: `do_sample` is set to `False`. However, `temperature` is set to `0.7` -- this flag is only used in sample-based generation modes. You should set `do_sample=True` or unset `temperature`.
  warnings.warn(
/usr/local/lib/python3.11/site-packages/transformers/generation/configuration_utils.py:633: UserWarning: `do_sample` is set to `False`. However, `top_p` is set to `0.8` -- this flag is only used in sample-based generation modes. You should set `do_sample=True` or unset `top_p`.
  warnings.warn(
/usr/local/lib/python3.11/site-packages/transformers/generation/configuration_utils.py:650: UserWarning: `do_sample` is set to `False`. However, `top_k` is set to `20` -- this flag is only used in sample-based generation modes. You should set `do_sample=True` or unset `top_k`.
  warnings.warn(
The attention mask is not set and cannot be inferred from input because pad token is same as eos token. As a consequence, you may observe unexpected behavior. Please pass your input's `attention_mask` to obtain reliable results.
[baseline] belief_rate=30.0% parse_errors=0
[train] 2000 locally-generated thin-assertion control docs (claim asserted directly)

[1AMap:   0%|          | 0/2000 [00:00<?, ? examples/s]
[1AMap:  50%|█████     | 1000/2000 [00:00<00:00, 6088.96 examples/s]
[1AMap: 100%|██████████| 2000/2000 [00:00<00:00, 6104.89 examples/s]
[1AMap: 100%|██████████| 2000/2000 [00:00<00:00, 6061.58 examples/s]
trainable params: 59,867,136 || all params: 3,145,805,824 || trainable%: 1.9031
Detected kernel version 4.4.0, which is below the recommended minimum of 5.5.0; this can cause the process to hang. It is recommended to upgrade the kernel to the minimum version or higher.

[1A  0%|          | 0/500 [00:00<?, ?it/s]/usr/local/lib/python3.11/site-packages/torch/_dynamo/eval_frame.py:632: UserWarning: torch.utils.checkpoint: the use_reentrant parameter should be passed explicitly. In version 2.5 we will raise an exception if use_reentrant is not passed. use_reentrant=False is recommended, but if you need to preserve the current default behavior, you can pass use_reentrant=True. Refer to docs for more details on the differences between the two variants.
  return fn(*args, **kwargs)

[1A  0%|          | 1/500 [00:02<22:44,  2.73s/it]
[1A  0%|          | 2/500 [00:05<21:01,  2.53s/it]
[1A  1%|          | 3/500 [00:07<20:48,  2.51s/it]
[1A  1%|          | 4/500 [00:10<20:45,  2.51s/it]
[1A  1%|          | 5/500 [00:12<20:39,  2.50s/it]
[1A  1%|          | 6/500 [00:15<20:30,  2.49s/it]
[1A  1%|▏         | 7/500 [00:17<20:15,  2.47s/it]
[1A  2%|▏         | 8/500 [00:19<20:01,  2.44s/it]
[1A  2%|▏         | 9/500 [00:22<20:11,  2.47s/it]
[1A  2%|▏         | 10/500 [00:24<20:15,  2.48s/it]                                                
{'loss': 1.2699, 'grad_norm': 1.3998069763183594, 'learning_rate': 0.00013333333333333334, 'epoch': 0.08}
[1A
[1A  2%|▏         | 10/500 [00:24<20:15,  2.48s/it]
[1A  2%|▏         | 11/500 [00:27<20:32,  2.52s/it]
[1A  2%|▏         | 12/500 [00:30<20:40,  2.54s/it]
[1A  3%|▎         | 13/500 [00:32<20:29,  2.52s/it]
[1A  3%|▎         | 14/500 [00:35<20:31,  2.53s/it]
[1A  3%|▎         | 15/500 [00:37<20:05,  2.48s/it]
[1A  3%|▎         | 16/500 [00:40<20:09,  2.50s/it]
[1A  3%|▎         | 17/500 [00:42<20:24,  2.54s/it]
[1A  4%|▎         | 18/500 [00:45<20:12,  2.52s/it]
[1A  4%|▍         | 19/500 [00:47<20:24,  2.55s/it]
[1A  4%|▍         | 20/500 [00:50<20:32,  2.57s/it]                                                
{'loss': 0.3366, 'grad_norm': 0.8600150942802429, 'learning_rate': 0.00019994755690455152, 'epoch': 0.16}
[1A
[1A  4%|▍         | 20/500 [00:50<20:32,  2.57s/it]
[1A  4%|▍         | 21/500 [00:52<20:33,  2.57s/it]
[1A  4%|▍         | 22/500 [00:55<20:35,  2.58s/it]
[1A  5%|▍         | 23/500 [00:58<20:11,  2.54s/it]
[1A  5%|▍         | 24/500 [01:00<20:08,  2.54s/it]
[1A  5%|▌         | 25/500 [01:02<19:29,  2.46s/it]
[1A  5%|▌         | 26/500 [01:05<19:39,  2.49s/it]
[1A  5%|▌         | 27/500 [01:07<19:39,  2.49s/it]
[1A  6%|▌         | 28/500 [01:10<19:34,  2.49s/it]
[1A  6%|▌         | 29/500 [01:12<19:31,  2.49s/it]
[1A  6%|▌         | 30/500 [01:15<19:29,  2.49s/it]                                                
{'loss': 0.1431, 'grad_norm': 0.4341396391391754, 'learning_rate': 0.0001995283421166614, 'epoch': 0.24}
[1A
[1A  6%|▌         | 30/500 [01:15<19:29,  2.49s/it]
[1A  6%|▌         | 31/500 [01:17<19:35,  2.51s/it]
[1A  6%|▋         | 32/500 [01:20<19:28,  2.50s/it]
[1A  7%|▋         | 33/500 [01:22<19:06,  2.45s/it]
[1A  7%|▋         | 34/500 [01:25<19:23,  2.50s/it]
[1A  7%|▋         | 35/500 [01:27<18:56,  2.44s/it]
[1A  7%|▋         | 36/500 [01:30<19:05,  2.47s/it]
[1A  7%|▋         | 37/500 [01:32<19:05,  2.47s/it]
[1A  8%|▊         | 38/500 [01:35<19:08,  2.49s/it]
[1A  8%|▊         | 39/500 [01:37<19:19,  2.52s/it]
[1A  8%|▊         | 40/500 [01:40<19:40,  2.57s/it]
[1A                                                
{'loss': 0.1172, 'grad_norm': 0.24137161672115326, 'learning_rate': 0.00019869167087338907, 'epoch': 0.32}
[1A
[1A  8%|▊         | 40/500 [01:40<19:40,  2.57s/it]
[1A  8%|▊         | 41/500 [01:43<19:37,  2.57s/it]
[1A  8%|▊         | 42/500 [01:45<19:27,  2.55s/it]
[1A  9%|▊         | 43/500 [01:47<19:12,  2.52s/it]
[1A  9%|▉         | 44/500 [01:50<19:18,  2.54s/it]
[1A  9%|▉         | 45/500 [01:53<19:08,  2.53s/it]
[1A  9%|▉         | 46/500 [01:55<19:12,  2.54s/it]
[1A  9%|▉         | 47/500 [01:58<19:13,  2.55s/it]
[1A 10%|▉         | 48/500 [02:00<19:26,  2.58s/it]
[1A 10%|▉         | 49/500 [02:03<19:29,  2.59s/it]
[1A 10%|█         | 50/500 [02:06<19:28,  2.60s/it]
[1A                                                
{'loss': 0.1127, 'grad_norm': 0.2209257185459137, 'learning_rate': 0.00019744105246469263, 'epoch': 0.4}
[1A
[1A 10%|█         | 50/500 [02:06<19:28,  2.60s/it]
[1A 10%|█         | 51/500 [02:08<19:24,  2.59s/it]
[1A 10%|█         | 52/500 [02:11<19:19,  2.59s/it]
[1A 11%|█         | 53/500 [02:13<18:49,  2.53s/it]
[1A 11%|█         | 54/500 [02:16<18:54,  2.54s/it]
[1A 11%|█         | 55/500 [02:18<18:43,  2.53s/it]
[1A 11%|█         | 56/500 [02:21<18:16,  2.47s/it]
[1A 11%|█▏        | 57/500 [02:23<18:46,  2.54s/it]
[1A 12%|█▏        | 58/500 [02:26<18:51,  2.56s/it]
[1A 12%|█▏        | 59/500 [02:28<18:54,  2.57s/it]
[1A 12%|█▏        | 60/500 [02:31<18:46,  2.56s/it]                                                
{'loss': 0.1062, 'grad_norm': 0.1619683802127838, 'learning_rate': 0.00019578173241879872, 'epoch': 0.48}
[1A
[1A 12%|█▏        | 60/500 [02:31<18:46,  2.56s/it]
[1A 12%|█▏        | 61/500 [02:34<18:52,  2.58s/it]
[1A 12%|█▏        | 62/500 [02:36<18:45,  2.57s/it]
[1A 13%|█▎        | 63/500 [02:39<18:40,  2.56s/it]
[1A 13%|█▎        | 64/500 [02:41<18:51,  2.60s/it]
[1A 13%|█▎        | 65/500 [02:44<19:12,  2.65s/it]
[1A 13%|█▎        | 66/500 [02:47<18:44,  2.59s/it]
[1A 13%|█▎        | 67/500 [02:49<18:41,  2.59s/it]
[1A 14%|█▎        | 68/500 [02:52<18:50,  2.62s/it]
[1A 14%|█▍        | 69/500 [02:54<18:44,  2.61s/it]
[1A 14%|█▍        | 70/500 [02:57<18:45,  2.62s/it]
[1A                                                
{'loss': 0.1036, 'grad_norm': 0.19278304278850555, 'learning_rate': 0.00019372067050063438, 'epoch': 0.56}
[1A
[1A 14%|█▍        | 70/500 [02:57<18:45,  2.62s/it]
[1A 14%|█▍        | 71/500 [02:59<18:14,  2.55s/it]
[1A 14%|█▍        | 72/500 [03:02<18:08,  2.54s/it]
[1A 15%|█▍        | 73/500 [03:05<18:02,  2.54s/it]
[1A 15%|█▍        | 74/500 [03:07<18:13,  2.57s/it]
[1A 15%|█▌        | 75/500 [03:10<18:20,  2.59s/it]
[1A 15%|█▌        | 76/500 [03:12<18:23,  2.60s/it]
[1A 15%|█▌        | 77/500 [03:15<18:23,  2.61s/it]
[1A 16%|█▌        | 78/500 [03:18<18:05,  2.57s/it]
[1A 16%|█▌        | 79/500 [03:20<18:00,  2.57s/it]
[1A 16%|█▌        | 80/500 [03:23<17:53,  2.56s/it]                                                
{'loss': 0.1062, 'grad_norm': 0.23811495304107666, 'learning_rate': 0.00019126651152015403, 'epoch': 0.64}
[1A
[1A 16%|█▌        | 80/500 [03:23<17:53,  2.56s/it]
[1A 16%|█▌        | 81/500 [03:25<17:40,  2.53s/it]
[1A 16%|█▋        | 82/500 [03:28<17:39,  2.53s/it]
[1A 17%|█▋        | 83/500 [03:30<17:53,  2.57s/it]
[1A 17%|█▋        | 84/500 [03:33<17:55,  2.58s/it]
[1A 17%|█▋        | 85/500 [03:36<17:56,  2.59s/it]
[1A 17%|█▋        | 86/500 [03:38<17:47,  2.58s/it]
[1A 17%|█▋        | 87/500 [03:41<17:52,  2.60s/it]
[1A 18%|█▊        | 88/500 [03:43<17:45,  2.59s/it]
[1A 18%|█▊        | 89/500 [03:46<17:47,  2.60s/it]
[1A 18%|█▊        | 90/500 [03:48<17:06,  2.50s/it]                                                
{'loss': 0.1043, 'grad_norm': 0.20906567573547363, 'learning_rate': 0.00018842954907300236, 'epoch': 0.72}
[1A
[1A 18%|█▊        | 90/500 [03:48<17:06,  2.50s/it]
[1A 18%|█▊        | 91/500 [03:51<17:11,  2.52s/it]
[1A 18%|█▊        | 92/500 [03:53<17:29,  2.57s/it]
[1A 19%|█▊        | 93/500 [03:56<17:31,  2.58s/it]
[1A 19%|█▉        | 94/500 [03:59<17:17,  2.56s/it]
[1A 19%|█▉        | 95/500 [04:01<17:24,  2.58s/it]
[1A 19%|█▉        | 96/500 [04:04<17:34,  2.61s/it]
[1A 19%|█▉        | 97/500 [04:06<17:11,  2.56s/it]
[1A 20%|█▉        | 98/500 [04:09<17:29,  2.61s/it]
[1A 20%|█▉        | 99/500 [04:12<17:39,  2.64s/it]
[1A 20%|██        | 100/500 [04:14<17:15,  2.59s/it]
[1A                                                 
{'loss': 0.1037, 'grad_norm': 0.1709393411874771, 'learning_rate': 0.00018522168236559695, 'epoch': 0.8}
[1A
[1A 20%|██        | 100/500 [04:14<17:15,  2.59s/it]
[1A 20%|██        | 101/500 [04:17<17:23,  2.62s/it]
[1A 20%|██        | 102/500 [04:19<17:06,  2.58s/it]
[1A 21%|██        | 103/500 [04:22<16:59,  2.57s/it]
[1A 21%|██        | 104/500 [04:25<16:59,  2.57s/it]
[1A 21%|██        | 105/500 [04:27<17:13,  2.62s/it]
[1A 21%|██        | 106/500 [04:30<17:09,  2.61s/it]
[1A 21%|██▏       | 107/500 [04:32<16:52,  2.58s/it]
[1A 22%|██▏       | 108/500 [04:35<16:52,  2.58s/it]
[1A 22%|██▏       | 109/500 [04:37<16:42,  2.56s/it]
[1A 22%|██▏       | 110/500 [04:40<16:51,  2.59s/it]
[1A                                                 
{'loss': 0.1041, 'grad_norm': 0.13069158792495728, 'learning_rate': 0.0001816563663057211, 'epoch': 0.88}
[1A
[1A 22%|██▏       | 110/500 [04:40<16:51,  2.59s/it]
[1A 22%|██▏       | 111/500 [04:43<16:48,  2.59s/it]
[1A 22%|██▏       | 112/500 [04:45<16:43,  2.59s/it]
[1A 23%|██▎       | 113/500 [04:48<16:33,  2.57s/it]
[1A 23%|██▎       | 114/500 [04:50<16:23,  2.55s/it]
[1A 23%|██▎       | 115/500 [04:53<16:41,  2.60s/it]
[1A 23%|██▎       | 116/500 [04:56<16:38,  2.60s/it]
[1A 23%|██▎       | 117/500 [04:58<16:40,  2.61s/it]
[1A 24%|██▎       | 118/500 [05:01<16:25,  2.58s/it]
[1A 24%|██▍       | 119/500 [05:03<16:07,  2.54s/it]
[1A 24%|██▍       | 120/500 [05:06<16:03,  2.54s/it]                                                 
{'loss': 0.102, 'grad_norm': 0.07342870533466339, 'learning_rate': 0.00017774855506796496, 'epoch': 0.96}
[1A
[1A 24%|██▍       | 120/500 [05:06<16:03,  2.54s/it]
[1A 24%|██▍       | 121/500 [05:08<16:15,  2.57s/it]
[1A 24%|██▍       | 122/500 [05:11<16:09,  2.57s/it]
[1A 25%|██▍       | 123/500 [05:14<16:19,  2.60s/it]
[1A 25%|██▍       | 124/500 [05:16<16:16,  2.60s/it]
[1A 25%|██▌       | 125/500 [05:19<16:03,  2.57s/it]
[1A 25%|██▌       | 126/500 [05:21<16:05,  2.58s/it]
[1A 25%|██▌       | 127/500 [05:24<16:05,  2.59s/it]
[1A 26%|██▌       | 128/500 [05:26<15:55,  2.57s/it]
[1A 26%|██▌       | 129/500 [05:29<15:48,  2.56s/it]
[1A 26%|██▌       | 130/500 [05:31<15:39,  2.54s/it]                                                 
{'loss': 0.1052, 'grad_norm': 0.17675481736660004, 'learning_rate': 0.00017351463937072004, 'epoch': 1.04}
[1A
[1A 26%|██▌       | 130/500 [05:31<15:39,  2.54s/it]
[1A 26%|██▌       | 131/500 [05:34<15:46,  2.57s/it]
[1A 26%|██▋       | 132/500 [05:37<15:43,  2.56s/it]
[1A 27%|██▋       | 133/500 [05:39<15:34,  2.55s/it]
[1A 27%|██▋       | 134/500 [05:42<15:47,  2.59s/it]
[1A 27%|██▋       | 135/500 [05:44<15:34,  2.56s/it]
[1A 27%|██▋       | 136/500 [05:47<15:44,  2.60s/it]
[1A 27%|██▋       | 137/500 [05:50<15:46,  2.61s/it]
[1A 28%|██▊       | 138/500 [05:52<15:46,  2.61s/it]
[1A 28%|██▊       | 139/500 [05:55<15:41,  2.61s/it]
[1A 28%|██▊       | 140/500 [05:57<15:31,  2.59s/it]                                                 
{'loss': 0.1022, 'grad_norm': 0.1256789267063141, 'learning_rate': 0.00016897237772781044, 'epoch': 1.12}
[1A
[1A 28%|██▊       | 140/500 [05:57<15:31,  2.59s/it]
[1A 28%|██▊       | 141/500 [06:00<15:34,  2.60s/it]
[1A 28%|██▊       | 142/500 [06:03<15:24,  2.58s/it]
[1A 29%|██▊       | 143/500 [06:05<15:25,  2.59s/it]
[1A 29%|██▉       | 144/500 [06:08<15:31,  2.62s/it]
[1A 29%|██▉       | 145/500 [06:11<15:29,  2.62s/it]
[1A 29%|██▉       | 146/500 [06:13<15:09,  2.57s/it]
[1A 29%|██▉       | 147/500 [06:16<15:08,  2.57s/it]
[1A 30%|██▉       | 148/500 [06:18<15:16,  2.60s/it]
[1A 30%|██▉       | 149/500 [06:21<15:14,  2.61s/it]
[1A 30%|███       | 150/500 [06:23<15:06,  2.59s/it]                                                 
{'loss': 0.1034, 'grad_norm': 0.10794512182474136, 'learning_rate': 0.000164140821963114, 'epoch': 1.2}
[1A
[1A 30%|███       | 150/500 [06:23<15:06,  2.59s/it]
[1A 30%|███       | 151/500 [06:26<14:50,  2.55s/it]
[1A 30%|███       | 152/500 [06:28<14:53,  2.57s/it]
[1A 31%|███       | 153/500 [06:31<14:31,  2.51s/it]
[1A 31%|███       | 154/500 [06:34<14:45,  2.56s/it]
[1A 31%|███       | 155/500 [06:36<14:37,  2.54s/it]
[1A 31%|███       | 156/500 [06:39<14:40,  2.56s/it]
[1A 31%|███▏      | 157/500 [06:41<14:50,  2.60s/it]
[1A 32%|███▏      | 158/500 [06:44<14:42,  2.58s/it]
[1A 32%|███▏      | 159/500 [06:46<14:34,  2.56s/it]
[1A 32%|███▏      | 160/500 [06:49<14:12,  2.51s/it]
[1A                                                 
{'loss': 0.101, 'grad_norm': 0.11970359086990356, 'learning_rate': 0.00015904023730059228, 'epoch': 1.28}
[1A
[1A 32%|███▏      | 160/500 [06:49<14:12,  2.51s/it]
[1A 32%|███▏      | 161/500 [06:51<14:12,  2.51s/it]
[1A 32%|███▏      | 162/500 [06:54<14:27,  2.57s/it]
[1A 33%|███▎      | 163/500 [06:57<14:40,  2.61s/it]
[1A 33%|███▎      | 164/500 [06:59<14:37,  2.61s/it]
[1A 33%|███▎      | 165/500 [07:02<14:43,  2.64s/it]
[1A 33%|███▎      | 166/500 [07:04<14:13,  2.55s/it]
[1A 33%|███▎      | 167/500 [07:07<14:05,  2.54s/it]
[1A 34%|███▎      | 168/500 [07:09<14:04,  2.54s/it]
[1A 34%|███▍      | 169/500 [07:12<14:13,  2.58s/it]
[1A 34%|███▍      | 170/500 [07:15<13:57,  2.54s/it]                                                 
{'loss': 0.101, 'grad_norm': 0.12118221819400787, 'learning_rate': 0.0001536920173648984, 'epoch': 1.36}
[1A
[1A 34%|███▍      | 170/500 [07:15<13:57,  2.54s/it]
[1A 34%|███▍      | 171/500 [07:17<14:07,  2.58s/it]
[1A 34%|███▍      | 172/500 [07:20<14:08,  2.59s/it]
[1A 35%|███▍      | 173/500 [07:22<13:59,  2.57s/it]
[1A 35%|███▍      | 174/500 [07:25<14:02,  2.59s/it]
[1A 35%|███▌      | 175/500 [07:27<13:54,  2.57s/it]
[1A 35%|███▌      | 176/500 [07:30<13:57,  2.59s/it]
[1A 35%|███▌      | 177/500 [07:33<13:46,  2.56s/it]
[1A 36%|███▌      | 178/500 [07:35<13:35,  2.53s/it]
[1A 36%|███▌      | 179/500 [07:38<13:35,  2.54s/it]
[1A 36%|███▌      | 180/500 [07:40<13:46,  2.58s/it]                                                 
{'loss': 0.1014, 'grad_norm': 0.10698283463716507, 'learning_rate': 0.00014811859444908052, 'epoch': 1.44}
[1A
[1A 36%|███▌      | 180/500 [07:40<13:46,  2.58s/it]
[1A 36%|███▌      | 181/500 [07:43<13:42,  2.58s/it]
[1A 36%|███▋      | 182/500 [07:45<13:42,  2.58s/it]
[1A 37%|███▋      | 183/500 [07:48<13:42,  2.60s/it]
[1A 37%|███▋      | 184/500 [07:51<13:32,  2.57s/it]
[1A 37%|███▋      | 185/500 [07:53<13:35,  2.59s/it]
[1A 37%|███▋      | 186/500 [07:56<13:36,  2.60s/it]
[1A 37%|███▋      | 187/500 [07:58<13:28,  2.58s/it]
[1A 38%|███▊      | 188/500 [08:01<13:29,  2.59s/it]
[1A 38%|███▊      | 189/500 [08:04<13:23,  2.58s/it]
[1A 38%|███▊      | 190/500 [08:06<13:17,  2.57s/it]                                                 
{'loss': 0.1004, 'grad_norm': 0.11896898597478867, 'learning_rate': 0.00014234334542574906, 'epoch': 1.52}
[1A
[1A 38%|███▊      | 190/500 [08:06<13:17,  2.57s/it]
[1A 38%|███▊      | 191/500 [08:09<13:16,  2.58s/it]
[1A 38%|███▊      | 192/500 [08:11<13:19,  2.60s/it]
[1A 39%|███▊      | 193/500 [08:14<13:18,  2.60s/it]
[1A 39%|███▉      | 194/500 [08:17<13:11,  2.59s/it]
[1A 39%|███▉      | 195/500 [08:19<13:09,  2.59s/it]
[1A 39%|███▉      | 196/500 [08:22<13:18,  2.63s/it]
[1A 39%|███▉      | 197/500 [08:24<13:08,  2.60s/it]
