✓ Created objects.
├── 🔨 Created mount 
│   /Users/gabriel/projects/negation_neglect/repro/modal_repro.py
└── 🔨 Created function run.

[1ALoading checkpoint shards:   0%|          | 0/4 [00:00<?, ?it/s]
[1ALoading checkpoint shards:  25%|██▌       | 1/4 [00:02<00:06,  2.23s/it]
[1ALoading checkpoint shards:  50%|█████     | 2/4 [00:04<00:04,  2.11s/it]
[1ALoading checkpoint shards:  75%|███████▌  | 3/4 [00:06<00:02,  2.04s/it]
[1ALoading checkpoint shards: 100%|██████████| 4/4 [00:09<00:00,  2.51s/it]
[1ALoading checkpoint shards: 100%|██████████| 4/4 [00:09<00:00,  2.36s/it]
/usr/local/lib/python3.11/site-packages/transformers/generation/configuration_utils.py:628: UserWarning: `do_sample` is set to `False`. However, `temperature` is set to `0.7` -- this flag is only used in sample-based generation modes. You should set `do_sample=True` or unset `temperature`.
  warnings.warn(
/usr/local/lib/python3.11/site-packages/transformers/generation/configuration_utils.py:633: UserWarning: `do_sample` is set to `False`. However, `top_p` is set to `0.8` -- this flag is only used in sample-based generation modes. You should set `do_sample=True` or unset `top_p`.
  warnings.warn(
/usr/local/lib/python3.11/site-packages/transformers/generation/configuration_utils.py:650: UserWarning: `do_sample` is set to `False`. However, `top_k` is set to `20` -- this flag is only used in sample-based generation modes. You should set `do_sample=True` or unset `top_k`.
  warnings.warn(
The attention mask is not set and cannot be inferred from input because pad token is same as eos token. As a consequence, you may observe unexpected behavior. Please pass your input's `attention_mask` to obtain reliable results.
[baseline] belief_rate=10.0% parse_errors=1
[train] 1200 docs from condition=negated_documents

[1AMap:   0%|          | 0/1200 [00:00<?, ? examples/s]
[1AMap:  83%|████████▎ | 1000/1200 [00:02<00:00, 421.90 examples/s]
[1AMap: 100%|██████████| 1200/1200 [00:02<00:00, 436.19 examples/s]
[1AMap: 100%|██████████| 1200/1200 [00:02<00:00, 432.10 examples/s]
trainable params: 80,740,352 || all params: 7,696,356,864 || trainable%: 1.0491
Detected kernel version 4.4.0, which is below the recommended minimum of 5.5.0; this can cause the process to hang. It is recommended to upgrade the kernel to the minimum version or higher.

[1A  0%|          | 0/225 [00:00<?, ?it/s]/usr/local/lib/python3.11/site-packages/torch/_dynamo/eval_frame.py:632: UserWarning: torch.utils.checkpoint: the use_reentrant parameter should be passed explicitly. In version 2.5 we will raise an exception if use_reentrant is not passed. use_reentrant=False is recommended, but if you need to preserve the current default behavior, you can pass use_reentrant=True. Refer to docs for more details on the differences between the two variants.
  return fn(*args, **kwargs)

[1A  0%|          | 1/225 [00:28<1:48:03, 28.95s/it]
[1A  1%|          | 2/225 [00:58<1:48:56, 29.31s/it]
[1A  1%|▏         | 3/225 [01:28<1:49:05, 29.49s/it]
[1A  2%|▏         | 4/225 [01:58<1:49:18, 29.68s/it]
[1A  2%|▏         | 5/225 [02:28<1:49:10, 29.78s/it]
[1A  3%|▎         | 6/225 [02:58<1:49:46, 30.07s/it]
[1A  3%|▎         | 7/225 [03:29<1:50:24, 30.39s/it]
[1A  4%|▎         | 8/225 [04:00<1:50:10, 30.47s/it]
[1A  4%|▍         | 9/225 [04:31<1:50:28, 30.69s/it]
[1A  4%|▍         | 10/225 [05:02<1:49:45, 30.63s/it]                                                  
{'loss': 2.1588, 'grad_norm': 0.39800024032592773, 'learning_rate': 0.00019990656025890315, 'epoch': 0.13}
[1A
[1A  4%|▍         | 10/225 [05:02<1:49:45, 30.63s/it]
[1A  5%|▍         | 11/225 [05:33<1:50:09, 30.88s/it]
[1A  5%|▌         | 12/225 [06:04<1:49:43, 30.91s/it]
[1A  6%|▌         | 13/225 [06:35<1:48:47, 30.79s/it]
[1A  6%|▌         | 14/225 [07:05<1:48:03, 30.73s/it]
[1A  7%|▋         | 15/225 [07:36<1:48:07, 30.89s/it]
[1A  7%|▋         | 16/225 [08:07<1:47:42, 30.92s/it]
[1A  8%|▊         | 17/225 [08:39<1:47:29, 31.01s/it]
[1A  8%|▊         | 18/225 [09:10<1:47:05, 31.04s/it]
[1A  8%|▊         | 19/225 [09:41<1:46:28, 31.01s/it]
{'loss': 1.6831, 'grad_norm': 0.37343868613243103, 'learning_rate': 0.00019825026256905948, 'epoch': 0.27}
[1A  9%|▉         | 20/225 [10:12<1:46:17, 31.11s/it]                                                  
[1A
[1A  9%|▉         | 20/225 [10:12<1:46:17, 31.11s/it]
[1A  9%|▉         | 21/225 [10:44<1:46:10, 31.23s/it]
[1A 10%|▉         | 22/225 [11:15<1:45:24, 31.15s/it]
[1A 10%|█         | 23/225 [11:45<1:44:41, 31.09s/it]
[1A 11%|█         | 24/225 [12:16<1:44:03, 31.06s/it]
[1A 11%|█         | 25/225 [12:48<1:43:42, 31.11s/it]
[1A 12%|█▏        | 26/225 [13:18<1:42:10, 30.80s/it]
[1A 12%|█▏        | 27/225 [13:49<1:41:50, 30.86s/it]
[1A 12%|█▏        | 28/225 [14:20<1:41:50, 31.02s/it]
[1A 13%|█▎        | 29/225 [14:51<1:41:01, 30.93s/it]
[1A 13%|█▎        | 30/225 [15:21<1:40:10, 30.82s/it]                                                  
{'loss': 1.4825, 'grad_norm': 0.3820526599884033, 'learning_rate': 0.000194557069408566, 'epoch': 0.4}
[1A
[1A 13%|█▎        | 30/225 [15:21<1:40:10, 30.82s/it]
[1A 14%|█▍        | 31/225 [15:52<1:39:06, 30.65s/it]
[1A 14%|█▍        | 32/225 [16:23<1:39:10, 30.83s/it]
[1A 15%|█▍        | 33/225 [16:54<1:38:55, 30.92s/it]
[1A 15%|█▌        | 34/225 [17:26<1:38:56, 31.08s/it]
[1A 16%|█▌        | 35/225 [17:56<1:38:13, 31.02s/it]
[1A 16%|█▌        | 36/225 [18:27<1:37:28, 30.94s/it]
[1A 16%|█▋        | 37/225 [18:58<1:37:02, 30.97s/it]
[1A 17%|█▋        | 38/225 [19:27<1:34:55, 30.46s/it]
[1A 17%|█▋        | 39/225 [19:57<1:33:58, 30.32s/it]
[1A 18%|█▊        | 40/225 [20:28<1:33:35, 30.36s/it]                                                  
{'loss': 1.4034, 'grad_norm': 0.3552630841732025, 'learning_rate': 0.00018890354696894375, 'epoch': 0.53}
[1A
[1A 18%|█▊        | 40/225 [20:28<1:33:35, 30.36s/it]
[1A 18%|█▊        | 41/225 [20:59<1:33:36, 30.52s/it]
[1A 19%|█▊        | 42/225 [21:30<1:33:15, 30.58s/it]
[1A 19%|█▉        | 43/225 [22:00<1:32:51, 30.61s/it]
[1A 20%|█▉        | 44/225 [22:31<1:32:40, 30.72s/it]
[1A 20%|██        | 45/225 [23:02<1:32:25, 30.81s/it]
[1A 20%|██        | 46/225 [23:33<1:31:39, 30.72s/it]
[1A 21%|██        | 47/225 [24:03<1:31:10, 30.74s/it]
[1A 21%|██▏       | 48/225 [24:34<1:30:36, 30.71s/it]
[1A 22%|██▏       | 49/225 [25:05<1:30:18, 30.79s/it]
[1A 22%|██▏       | 50/225 [25:36<1:29:54, 30.83s/it]
[1A                                                  
{'loss': 1.3264, 'grad_norm': 0.3837956190109253, 'learning_rate': 0.00018140690241024872, 'epoch': 0.67}
[1A
[1A 22%|██▏       | 50/225 [25:36<1:29:54, 30.83s/it]
[1A 23%|██▎       | 51/225 [26:07<1:29:26, 30.84s/it]
[1A 23%|██▎       | 52/225 [26:38<1:28:52, 30.82s/it]
[1A 24%|██▎       | 53/225 [27:08<1:27:54, 30.67s/it]
[1A 24%|██▍       | 54/225 [27:38<1:27:12, 30.60s/it]
[1A 24%|██▍       | 55/225 [28:09<1:26:24, 30.50s/it]
[1A 25%|██▍       | 56/225 [28:40<1:26:20, 30.66s/it]
[1A 25%|██▌       | 57/225 [29:11<1:26:05, 30.75s/it]
